git : remote: error: GH013: Repository rule violations found 
for refs/heads/master.        
At line:1 char:1
+ git push -u origin master -f 2> git_error.log
+ ~~~~~~~~~~~~~~~~~~~~~~~~~~~~~~~~~~~~~~~~~~~~~
    + CategoryInfo          : NotSpecified: (remote: error: .. 
   .master.        :String) [], RemoteException
    + FullyQualifiedErrorId : NativeCommandError
 
remote: 
remote: - GITHUB PUSH PROTECTION        
remote:   ΓÇöΓÇöΓÇöΓÇöΓÇöΓÇöΓÇöΓÇöΓÇöΓÇöΓÇöΓÇöΓÇöΓÇöΓÇöΓÇöΓÇöΓÇ
öΓÇöΓÇöΓÇöΓÇöΓÇöΓÇöΓÇöΓÇöΓÇöΓÇöΓÇöΓÇöΓÇöΓÇöΓÇöΓÇöΓÇöΓÇöΓÇöΓÇöΓÇ
öΓÇöΓÇö        
remote:     Resolve the following violations before pushing 
again        
remote: 
remote:     - Push cannot contain secrets        
remote: 
remote:             
remote:      (?) Learn how to resolve a blocked push        
remote:      https://docs.github.com/code-security/secret-scann
ing/working-with-secret-scanning-and-push-protection/working-wi
th-push-protection-from-the-command-line#resolving-a-blocked-pu
sh        
remote:             
remote:             
remote:       ΓÇöΓÇö Mapbox Secret Access Token ΓÇöΓÇöΓÇöΓÇöΓÇö
ΓÇöΓÇöΓÇöΓÇöΓÇöΓÇöΓÇöΓÇöΓÇöΓÇöΓÇöΓÇöΓÇöΓÇöΓÇöΓÇöΓÇöΓÇöΓÇö      
  
remote:        locations:        
remote:          - commit: 
06ccf43427b181d910f81467fa262ef790e01fbd        
remote:            path: src/assets/js/volt.js:761        
remote:             
remote:        (?) To push, remove secret from commit(s) or 
follow this URL to allow the secret.        
remote:        https://github.com/parshv98/analytical-dashboard
/security/secret-scanning/unblock-secret/3Iznz8hmYXvaGSeuQRksCb
zQc5T        
remote:             
remote: 
remote: 
To https://github.com/parshv98/analytical-dashboard.git
 ! [remote rejected] master -> master (push declined due to 
repository rule violations)
error: failed to push some refs to 
'https://github.com/parshv98/analytical-dashboard.git'
